
Deprecated: Termwind\style(): Implicitly marking parameter $callback as nullable is deprecated, the explicit nullable type must be used instead in A:\hell\app\vendor\nunomaduro\termwind\src\Functions.php on line 29

Deprecated: Termwind\ask(): Implicitly marking parameter $autocomplete as nullable is deprecated, the explicit nullable type must be used instead in A:\hell\app\vendor\nunomaduro\termwind\src\Functions.php on line 61
php : PHP Deprecated:  
Termwind\style(): 
Implicitly marking 
parameter $callback as 
nullable is deprecated, 
the explicit nullable type 
must be used instead in A:\
hell\app\vendor\nunomaduro\
termwind\src\Functions.php 
on line 29
At line:1 char:1
+ php 
a:\hell\app\test_db.php > a
:\hell\app\test_output.txt 
2>&1
+ ~~~~~~~~~~~~~~~~~~~~~~~~~
~~~~~~~~~~~~~~~~~~~~~~~~~~~
~~~~~~~~~~
    + CategoryInfo         
     : NotSpecified: (PHP  
   Deprecated:....php on   
  line 29:String) [], R    
emoteException
    + FullyQualifiedErrorI 
   d : NativeCommandError
 
PHP Deprecated:  
Termwind\ask(): Implicitly 
marking parameter 
$autocomplete as nullable 
is deprecated, the 
explicit nullable type 
must be used instead in A:\
hell\app\vendor\nunomaduro\
termwind\src\Functions.php 
on line 61
PHP Deprecated:  
optional(): Implicitly 
marking parameter 
$callback as nullable is 
deprecated, the explicit 
nullable type must be used 
instead in A:\hell\app\vend
or\laravel\framework\src\Il
luminate\Support\helpers.ph
p on line 190

Deprecated: optional(): Implicitly marking parameter $callback as nullable is deprecated, the explicit nullable type must be used instead in A:\hell\app\vendor\laravel\framework\src\Illuminate\Support\helpers.php on line 190
PHP Deprecated:  with(): 
Implicitly marking 
parameter $callback as 
nullable is deprecated, 
the explicit nullable type 
must be used instead in A:\
hell\app\vendor\laravel\fra
mework\src\Illuminate\Suppo
rt\helpers.php on line 430

Deprecated: with(): Implicitly marking parameter $callback as nullable is deprecated, the explicit nullable type must be used instead in A:\hell\app\vendor\laravel\framework\src\Illuminate\Support\helpers.php on line 430
PHP Deprecated:  Illuminate
\Container\Container::befor
eResolving(): Implicitly 
marking parameter 
$callback as nullable is 
deprecated, the explicit 
nullable type must be used 
instead in A:\hell\app\vend
or\laravel\framework\src\Il
luminate\Container\Containe
r.php on line 1151
PHP Deprecated:  Illuminate
\Container\Container::resol
ving(): Implicitly marking 
parameter $callback as 
nullable is deprecated, 
the explicit nullable type 
must be used instead in A:\
hell\app\vendor\laravel\fra
mework\src\Illuminate\Conta
iner\Container.php on line 
1171

Deprecated: Illuminate\Container\Container::beforeResolving(): Implicitly marking parameter $callback as nullable is deprecated, the explicit nullable type must be used instead in A:\hell\app\vendor\laravel\framework\src\Illuminate\Container\Container.php on line 1151

Deprecated: Illuminate\Container\Container::resolving(): Implicitly marking parameter $callback as nullable is deprecated, the explicit nullable type must be used instead in A:\hell\app\vendor\laravel\framework\src\Illuminate\Container\Container.php on line 1171
PHP Deprecated:  Illuminate
\Container\Container::after
Resolving(): Implicitly 
marking parameter 
$callback as nullable is 
deprecated, the explicit 
nullable type must be used 
instead in A:\hell\app\vend
or\laravel\framework\src\Il
luminate\Container\Containe
r.php on line 1191

Deprecated: Illuminate\Container\Container::afterResolving(): Implicitly marking parameter $callback as nullable is deprecated, the explicit nullable type must be used instead in A:\hell\app\vendor\laravel\framework\src\Illuminate\Container\Container.php on line 1191
PHP Deprecated:  Illuminate
\Container\Container::setIn
stance(): Implicitly 
marking parameter 
$container as nullable is 
deprecated, the explicit 
nullable type must be used 
instead in A:\hell\app\vend
or\laravel\framework\src\Il
luminate\Container\Containe
r.php on line 1430

Deprecated: Illuminate\Container\Container::setInstance(): Implicitly marking parameter $container as nullable is deprecated, the explicit nullable type must be used instead in A:\hell\app\vendor\laravel\framework\src\Illuminate\Container\Container.php on line 1430
PHP Deprecated:  Illuminate
\Contracts\Container\Contai
ner::beforeResolving(): 
Implicitly marking 
parameter $callback as 
nullable is deprecated, 
the explicit nullable type 
must be used instead in A:\
hell\app\vendor\laravel\fra
mework\src\Illuminate\Contr
acts\Container\Container.ph
p on line 200
PHP Deprecated:  Illuminate
\Contracts\Container\Contai
ner::resolving(): 
Implicitly marking 
parameter $callback as 
nullable is deprecated, 
the explicit nullable type 
must be used instead in A:\
hell\app\vendor\laravel\fra
mework\src\Illuminate\Contr
acts\Container\Container.ph
p on line 209
PHP Deprecated:  Illuminate
\Contracts\Container\Contai
ner::afterResolving(): 
Implicitly marking 
parameter $callback as 
nullable is deprecated, 
the explicit nullable type 
must be used instead in A:\
hell\app\vendor\laravel\fra
mework\src\Illuminate\Contr
acts\Container\Container.ph
p on line 218

Deprecated: Illuminate\Contracts\Container\Container::beforeResolving(): Implicitly marking parameter $callback as nullable is deprecated, the explicit nullable type must be used instead in A:\hell\app\vendor\laravel\framework\src\Illuminate\Contracts\Container\Container.php on line 200

Deprecated: Illuminate\Contracts\Container\Container::resolving(): Implicitly marking parameter $callback as nullable is deprecated, the explicit nullable type must be used instead in A:\hell\app\vendor\laravel\framework\src\Illuminate\Contracts\Container\Container.php on line 209

Deprecated: Illuminate\Contracts\Container\Container::afterResolving(): Implicitly marking parameter $callback as nullable is deprecated, the explicit nullable type must be used instead in A:\hell\app\vendor\laravel\framework\src\Illuminate\Contracts\Container\Container.php on line 218
PHP Deprecated:  Illuminate
\Support\Arr::first(): 
Implicitly marking 
parameter $callback as 
nullable is deprecated, 
the explicit nullable type 
must be used instead in A:\
hell\app\vendor\laravel\fra
mework\src\Illuminate\Colle
ctions\Arr.php on line 188

Deprecated: Illuminate\Support\Arr::first(): Implicitly marking parameter $callback as nullable is deprecated, the explicit nullable type must be used instead in A:\hell\app\vendor\laravel\framework\src\Illuminate\Collections\Arr.php on line 188
PHP Deprecated:  Illuminate
\Support\Arr::last(): 
Implicitly marking 
parameter $callback as 
nullable is deprecated, 
the explicit nullable type 
must be used instead in A:\
hell\app\vendor\laravel\fra
mework\src\Illuminate\Colle
ctions\Arr.php on line 219

Deprecated: Illuminate\Support\Arr::last(): Implicitly marking parameter $callback as nullable is deprecated, the explicit nullable type must be used instead in A:\hell\app\vendor\laravel\framework\src\Illuminate\Collections\Arr.php on line 219
PHP Deprecated:  Illuminate
\Events\Dispatcher::__const
ruct(): Implicitly marking 
parameter $container as 
nullable is deprecated, 
the explicit nullable type 
must be used instead in A:\
hell\app\vendor\laravel\fra
mework\src\Illuminate\Event
s\Dispatcher.php on line 75

Deprecated: Illuminate\Events\Dispatcher::__construct(): Implicitly marking parameter $container as nullable is deprecated, the explicit nullable type must be used instead in A:\hell\app\vendor\laravel\framework\src\Illuminate\Events\Dispatcher.php on line 75
PHP Deprecated:  Illuminate
\Support\Str::createRandomS
tringsUsing(): Implicitly 
marking parameter $factory 
as nullable is deprecated, 
the explicit nullable type 
must be used instead in A:\
hell\app\vendor\laravel\fra
mework\src\Illuminate\Suppo
rt\Str.php on line 962

Deprecated: Illuminate\Support\Str::createRandomStringsUsing(): Implicitly marking parameter $factory as nullable is deprecated, the explicit nullable type must be used instead in A:\hell\app\vendor\laravel\framework\src\Illuminate\Support\Str.php on line 962
PHP Deprecated:  Illuminate
\Support\Str::createUuidsUs
ing(): Implicitly marking 
parameter $factory as 
nullable is deprecated, 
the explicit nullable type 
must be used instead in A:\
hell\app\vendor\laravel\fra
mework\src\Illuminate\Suppo
rt\Str.php on line 1668
PHP Deprecated:  Illuminate
\Support\Str::freezeUuids()
: Implicitly marking 
parameter $callback as 
nullable is deprecated, 
the explicit nullable type 
must be used instead in A:\
hell\app\vendor\laravel\fra
mework\src\Illuminate\Suppo
rt\Str.php on line 1713
PHP Deprecated:  Illuminate
\Support\Str::createUlidsUs
ing(): Implicitly marking 
parameter $factory as 
nullable is deprecated, 
the explicit nullable type 
must be used instead in A:\
hell\app\vendor\laravel\fra
mework\src\Illuminate\Suppo
rt\Str.php on line 1775
PHP Deprecated:  Illuminate
\Support\Str::freezeUlids()
: Implicitly marking 
parameter $callback as 
nullable is deprecated, 
the explicit nullable type 
must be used instead in A:\
hell\app\vendor\laravel\fra
mework\src\Illuminate\Suppo
rt\Str.php on line 1820

Deprecated: Illuminate\Support\Str::createUuidsUsing(): Implicitly marking parameter $factory as nullable is deprecated, the explicit nullable type must be used instead in A:\hell\app\vendor\laravel\framework\src\Illuminate\Support\Str.php on line 1668

Deprecated: Illuminate\Support\Str::freezeUuids(): Implicitly marking parameter $callback as nullable is deprecated, the explicit nullable type must be used instead in A:\hell\app\vendor\laravel\framework\src\Illuminate\Support\Str.php on line 1713

Deprecated: Illuminate\Support\Str::createUlidsUsing(): Implicitly marking parameter $factory as nullable is deprecated, the explicit nullable type must be used instead in A:\hell\app\vendor\laravel\framework\src\Illuminate\Support\Str.php on line 1775

Deprecated: Illuminate\Support\Str::freezeUlids(): Implicitly marking parameter $callback as nullable is deprecated, the explicit nullable type must be used instead in A:\hell\app\vendor\laravel\framework\src\Illuminate\Support\Str.php on line 1820

Deprecated: voku\helper\ASCII::to_ascii(): Implicitly marking parameter $replace_single_chars_only as nullable is deprecated, the explicit nullable type must be used instead in A:\hell\app\vendor\voku\portable-ascii\src\voku\helper\ASCII.php on line 795
PHP Deprecated:  voku\helpe
r\ASCII::to_ascii(): 
Implicitly marking 
parameter 
$replace_single_chars_only 
as nullable is deprecated, 
the explicit nullable type 
must be used instead in A:\
hell\app\vendor\voku\portab
le-ascii\src\voku\helper\AS
CII.php on line 795
PHP Deprecated:  Maatwebsit
e\Excel\Excel::download(): 
Implicitly marking 
parameter $writerType as 
nullable is deprecated, 
the explicit nullable type 
must be used instead in A:\
hell\app\vendor\maatwebsite
\excel\src\Excel.php on 
line 81
PHP Deprecated:  Maatwebsit
e\Excel\Excel::store(): 
Implicitly marking 
parameter $diskName as 
nullable is deprecated, 
the explicit nullable type 
must be used instead in A:\
hell\app\vendor\maatwebsite
\excel\src\Excel.php on 
line 101
PHP Deprecated:  Maatwebsit
e\Excel\Excel::store(): 
Implicitly marking 
parameter $writerType as 
nullable is deprecated, 
the explicit nullable type 
must be used instead in A:\
hell\app\vendor\maatwebsite
\excel\src\Excel.php on 
line 101
PHP Deprecated:  Maatwebsit
e\Excel\Excel::store(): 
Implicitly marking 
parameter $disk as 
nullable is deprecated, 
the explicit nullable type 
must be used instead in A:\
hell\app\vendor\maatwebsite
\excel\src\Excel.php on 
line 101
PHP Deprecated:  Maatwebsit
e\Excel\Excel::queue(): 
Implicitly marking 
parameter $disk as 
nullable is deprecated, 
the explicit nullable type 
must be used instead in A:\
hell\app\vendor\maatwebsite
\excel\src\Excel.php on 
line 122
PHP Deprecated:  Maatwebsit
e\Excel\Excel::queue(): 
Implicitly marking 
parameter $writerType as 
nullable is deprecated, 
the explicit nullable type 
must be used instead in A:\
hell\app\vendor\maatwebsite
\excel\src\Excel.php on 
line 122
PHP Deprecated:  Maatwebsit
e\Excel\Excel::import(): 
Implicitly marking 
parameter $disk as 
nullable is deprecated, 
the explicit nullable type 
must be used instead in A:\
hell\app\vendor\maatwebsite
\excel\src\Excel.php on 
line 151
PHP Deprecated:  Maatwebsit
e\Excel\Excel::import(): 
Implicitly marking 
parameter $readerType as 
nullable is deprecated, 
the explicit nullable type 
must be used instead in A:\
hell\app\vendor\maatwebsite
\excel\src\Excel.php on 
line 151
PHP Deprecated:  Maatwebsit
e\Excel\Excel::toArray(): 
Implicitly marking 
parameter $disk as 
nullable is deprecated, 
the explicit nullable type 
must be used instead in A:\
hell\app\vendor\maatwebsite
\excel\src\Excel.php on 
line 166

Deprecated: Maatwebsite\Excel\Excel::download(): Implicitly marking parameter $writerType as nullable is deprecated, the explicit nullable type must be used instead in A:\hell\app\vendor\maatwebsite\excel\src\Excel.php on line 81

Deprecated: Maatwebsite\Excel\Excel::store(): Implicitly marking parameter $diskName as nullable is deprecated, the explicit nullable type must be used instead in A:\hell\app\vendor\maatwebsite\excel\src\Excel.php on line 101

Deprecated: Maatwebsite\Excel\Excel::store(): Implicitly marking parameter $writerType as nullable is deprecated, the explicit nullable type must be used instead in A:\hell\app\vendor\maatwebsite\excel\src\Excel.php on line 101

Deprecated: Maatwebsite\Excel\Excel::store(): Implicitly marking parameter $disk as nullable is deprecated, the explicit nullable type must be used instead in A:\hell\app\vendor\maatwebsite\excel\src\Excel.php on line 101

Deprecated: Maatwebsite\Excel\Excel::queue(): Implicitly marking parameter $disk as nullable is deprecated, the explicit nullable type must be used instead in A:\hell\app\vendor\maatwebsite\excel\src\Excel.php on line 122

Deprecated: Maatwebsite\Excel\Excel::queue(): Implicitly marking parameter $writerType as nullable is deprecated, the explicit nullable type must be used instead in A:\hell\app\vendor\maatwebsite\excel\src\Excel.php on line 122

Deprecated: Maatwebsite\Excel\Excel::import(): Implicitly marking parameter $disk as nullable is deprecated, the explicit nullable type must be used instead in A:\hell\app\vendor\maatwebsite\excel\src\Excel.php on line 151

Deprecated: Maatwebsite\Excel\Excel::import(): Implicitly marking parameter $readerType as nullable is deprecated, the explicit nullable type must be used instead in A:\hell\app\vendor\maatwebsite\excel\src\Excel.php on line 151

Deprecated: Maatwebsite\Excel\Excel::toArray(): Implicitly marking parameter $disk as nullable is deprecated, the explicit nullable type must be used instead in A:\hell\app\vendor\maatwebsite\excel\src\Excel.php on line 166

Deprecated: Maatwebsite\Excel\Excel::toArray(): Implicitly marking parameter $readerType as nullable is deprecated, the explicit nullable type must be used instead in A:\hell\app\vendor\maatwebsite\excel\src\Excel.php on line 166

Deprecated: Maatwebsite\Excel\Excel::toCollection(): Implicitly marking parameter $disk as nullable is deprecated, the explicit nullable type must be used instead in A:\hell\app\vendor\maatwebsite\excel\src\Excel.php on line 176

Deprecated: Maatwebsite\Excel\Excel::toCollection(): Implicitly marking parameter $readerType as nullable is deprecated, the explicit nullable type must be used instead in A:\hell\app\vendor\maatwebsite\excel\src\Excel.php on line 176

Deprecated: Maatwebsite\Excel\Excel::queueImport(): Implicitly marking parameter $disk as nullable is deprecated, the explicit nullable type must be used instead in A:\hell\app\vendor\maatwebsite\excel\src\Excel.php on line 186

Deprecated: Maatwebsite\Excel\Excel::queueImport(): Implicitly marking parameter $readerType as nullable is deprecated, the explicit nullable type must be used instead in A:\hell\app\vendor\maatwebsite\excel\src\Excel.php on line 186

Deprecated: Maatwebsite\Excel\Excel::export(): Implicitly marking parameter $writerType as nullable is deprecated, the explicit nullable type must be used instead in A:\hell\app\vendor\maatwebsite\excel\src\Excel.php on line 199
PHP Deprecated:  Maatwebsit
e\Excel\Excel::toArray(): 
Implicitly marking 
parameter $readerType as 
nullable is deprecated, 
the explicit nullable type 
must be used instead in A:\
hell\app\vendor\maatwebsite
\excel\src\Excel.php on 
line 166
PHP Deprecated:  Maatwebsit
e\Excel\Excel::toCollection
(): Implicitly marking 
parameter $disk as 
nullable is deprecated, 
the explicit nullable type 
must be used instead in A:\
hell\app\vendor\maatwebsite
\excel\src\Excel.php on 
line 176
PHP Deprecated:  Maatwebsit
e\Excel\Excel::toCollection
(): Implicitly marking 
parameter $readerType as 
nullable is deprecated, 
the explicit nullable type 
must be used instead in A:\
hell\app\vendor\maatwebsite
\excel\src\Excel.php on 
line 176
PHP Deprecated:  Maatwebsit
e\Excel\Excel::queueImport(
): Implicitly marking 
parameter $disk as 
nullable is deprecated, 
the explicit nullable type 
must be used instead in A:\
hell\app\vendor\maatwebsite
\excel\src\Excel.php on 
line 186
PHP Deprecated:  Maatwebsit
e\Excel\Excel::queueImport(
): Implicitly marking 
parameter $readerType as 
nullable is deprecated, 
the explicit nullable type 
must be used instead in A:\
hell\app\vendor\maatwebsite
\excel\src\Excel.php on 
line 186
PHP Deprecated:  Maatwebsit
e\Excel\Excel::export(): 
Implicitly marking 
parameter $writerType as 
nullable is deprecated, 
the explicit nullable type 
must be used instead in A:\
hell\app\vendor\maatwebsite
\excel\src\Excel.php on 
line 199
PHP Deprecated:  Maatwebsit
e\Excel\Exporter::download(
): Implicitly marking 
parameter $writerType as 
nullable is deprecated, 
the explicit nullable type 
must be used instead in A:\
hell\app\vendor\maatwebsite
\excel\src\Exporter.php on 
line 17
PHP Deprecated:  Maatwebsit
e\Excel\Exporter::store(): 
Implicitly marking 
parameter $disk as 
nullable is deprecated, 
the explicit nullable type 
must be used instead in A:\
hell\app\vendor\maatwebsite
\excel\src\Exporter.php on 
line 30
PHP Deprecated:  Maatwebsit
e\Excel\Exporter::store(): 
Implicitly marking 
parameter $writerType as 
nullable is deprecated, 
the explicit nullable type 
must be used instead in A:\
hell\app\vendor\maatwebsite
\excel\src\Exporter.php on 
line 30
PHP Deprecated:  Maatwebsit
e\Excel\Exporter::queue(): 
Implicitly marking 
parameter $disk as 
nullable is deprecated, 
the explicit nullable type 
must be used instead in A:\
hell\app\vendor\maatwebsite
\excel\src\Exporter.php on 
line 40
PHP Deprecated:  Maatwebsit
e\Excel\Exporter::queue(): 
Implicitly marking 
parameter $writerType as 
nullable is deprecated, 
the explicit nullable type 
must be used instead in A:\
hell\app\vendor\maatwebsite
\excel\src\Exporter.php on 
line 40

Deprecated: Maatwebsite\Excel\Exporter::download(): Implicitly marking parameter $writerType as nullable is deprecated, the explicit nullable type must be used instead in A:\hell\app\vendor\maatwebsite\excel\src\Exporter.php on line 17

Deprecated: Maatwebsite\Excel\Exporter::store(): Implicitly marking parameter $disk as nullable is deprecated, the explicit nullable type must be used instead in A:\hell\app\vendor\maatwebsite\excel\src\Exporter.php on line 30

Deprecated: Maatwebsite\Excel\Exporter::store(): Implicitly marking parameter $writerType as nullable is deprecated, the explicit nullable type must be used instead in A:\hell\app\vendor\maatwebsite\excel\src\Exporter.php on line 30

Deprecated: Maatwebsite\Excel\Exporter::queue(): Implicitly marking parameter $disk as nullable is deprecated, the explicit nullable type must be used instead in A:\hell\app\vendor\maatwebsite\excel\src\Exporter.php on line 40

Deprecated: Maatwebsite\Excel\Exporter::queue(): Implicitly marking parameter $writerType as nullable is deprecated, the explicit nullable type must be used instead in A:\hell\app\vendor\maatwebsite\excel\src\Exporter.php on line 40
PHP Deprecated:  Maatwebsit
e\Excel\Importer::import():
 Implicitly marking 
parameter $disk as 
nullable is deprecated, 
the explicit nullable type 
must be used instead in A:\
hell\app\vendor\maatwebsite
\excel\src\Importer.php on 
line 17
PHP Deprecated:  Maatwebsit
e\Excel\Importer::import():
 Implicitly marking 
parameter $readerType as 
nullable is deprecated, 
the explicit nullable type 
must be used instead in A:\
hell\app\vendor\maatwebsite
\excel\src\Importer.php on 
line 17
PHP Deprecated:  Maatwebsit
e\Excel\Importer::toArray()
: Implicitly marking 
parameter $disk as 
nullable is deprecated, 
the explicit nullable type 
must be used instead in A:\
hell\app\vendor\maatwebsite
\excel\src\Importer.php on 
line 26
PHP Deprecated:  Maatwebsit
e\Excel\Importer::toArray()
: Implicitly marking 
parameter $readerType as 
nullable is deprecated, 
the explicit nullable type 
must be used instead in A:\
hell\app\vendor\maatwebsite
\excel\src\Importer.php on 
line 26

Deprecated: Maatwebsite\Excel\Importer::import(): Implicitly marking parameter $disk as nullable is deprecated, the explicit nullable type must be used instead in A:\hell\app\vendor\maatwebsite\excel\src\Importer.php on line 17

Deprecated: Maatwebsite\Excel\Importer::import(): Implicitly marking parameter $readerType as nullable is deprecated, the explicit nullable type must be used instead in A:\hell\app\vendor\maatwebsite\excel\src\Importer.php on line 17

Deprecated: Maatwebsite\Excel\Importer::toArray(): Implicitly marking parameter $disk as nullable is deprecated, the explicit nullable type must be used instead in A:\hell\app\vendor\maatwebsite\excel\src\Importer.php on line 26

Deprecated: Maatwebsite\Excel\Importer::toArray(): Implicitly marking parameter $readerType as nullable is deprecated, the explicit nullable type must be used instead in A:\hell\app\vendor\maatwebsite\excel\src\Importer.php on line 26

Deprecated: Maatwebsite\Excel\Importer::toCollection(): Implicitly marking parameter $disk as nullable is deprecated, the explicit nullable type must be used instead in A:\hell\app\vendor\maatwebsite\excel\src\Importer.php on line 35
PHP Deprecated:  Maatwebsit
e\Excel\Importer::toCollect
ion(): Implicitly marking 
parameter $disk as 
nullable is deprecated, 
the explicit nullable type 
must be used instead in A:\
hell\app\vendor\maatwebsite
\excel\src\Importer.php on 
line 35
PHP Deprecated:  Maatwebsit
e\Excel\Importer::toCollect
ion(): Implicitly marking 
parameter $readerType as 
nullable is deprecated, 
the explicit nullable type 
must be used instead in A:\
hell\app\vendor\maatwebsite
\excel\src\Importer.php on 
line 35
PHP Deprecated:  Maatwebsit
e\Excel\Importer::queueImpo
rt(): Implicitly marking 
parameter $disk as 
nullable is deprecated, 
the explicit nullable type 
must be used instead in A:\
hell\app\vendor\maatwebsite
\excel\src\Importer.php on 
line 44
PHP Deprecated:  Maatwebsit
e\Excel\Importer::queueImpo
rt(): Implicitly marking 
parameter $readerType as 
nullable is deprecated, 
the explicit nullable type 
must be used instead in A:\
hell\app\vendor\maatwebsite
\excel\src\Importer.php on 
line 44
PHP Deprecated:  Illuminate
\Support\Collection::filter
(): Implicitly marking 
parameter $callback as 
nullable is deprecated, 
the explicit nullable type 
must be used instead in A:\
hell\app\vendor\laravel\fra
mework\src\Illuminate\Colle
ctions\Collection.php on 
line 385
PHP Deprecated:  Illuminate
\Support\Collection::first(
): Implicitly marking 
parameter $callback as 
nullable is deprecated, 
the explicit nullable type 
must be used instead in A:\
hell\app\vendor\laravel\fra
mework\src\Illuminate\Colle
ctions\Collection.php on 
line 403
PHP Deprecated:  Illuminate
\Support\Collection::last()
: Implicitly marking 
parameter $callback as 
nullable is deprecated, 
the explicit nullable type 
must be used instead in A:\
hell\app\vendor\laravel\fra
mework\src\Illuminate\Colle
ctions\Collection.php on 
line 751
PHP Deprecated:  Illuminate
\Support\Traits\EnumeratesV
alues::times(): Implicitly 
marking parameter 
$callback as nullable is 
deprecated, the explicit 
nullable type must be used 
instead in A:\hell\app\vend
or\laravel\framework\src\Il
luminate\Collections\Traits
\EnumeratesValues.php on 
line 167
PHP Deprecated:  Illuminate
\Support\Traits\EnumeratesV
alues::whenEmpty(): 
Implicitly marking 
parameter $default as 
nullable is deprecated, 
the explicit nullable type 
must be used instead in A:\
hell\app\vendor\laravel\fra
mework\src\Illuminate\Colle
ctions\Traits\EnumeratesVal
ues.php on line 537
PHP Deprecated:  Illuminate
\Support\Traits\EnumeratesV
alues::whenNotEmpty(): 
Implicitly marking 
parameter $default as 
nullable is deprecated, 
the explicit nullable type 
must be used instead in A:\
hell\app\vendor\laravel\fra
mework\src\Illuminate\Colle
ctions\Traits\EnumeratesVal
ues.php on line 551
PHP Deprecated:  Illuminate
\Support\Traits\EnumeratesV
alues::unlessEmpty(): 
Implicitly marking 
parameter $default as 
nullable is deprecated, 
the explicit nullable type 
must be used instead in A:\
hell\app\vendor\laravel\fra
mework\src\Illuminate\Colle
ctions\Traits\EnumeratesVal
ues.php on line 565
PHP Deprecated:  Illuminate
\Support\Traits\EnumeratesV
alues::unlessNotEmpty(): 
Implicitly marking 
parameter $default as 
nullable is deprecated, 
the explicit nullable type 
must be used instead in A:\
hell\app\vendor\laravel\fra
mework\src\Illuminate\Colle
ctions\Traits\EnumeratesVal
ues.php on line 579
PHP Fatal error:  Trait "Il
luminate\Support\Traits\Con
ditionable" not found in A:
\hell\app\vendor\laravel\fr
amework\src\Illuminate\Coll
ections\Traits\EnumeratesVa
lues.php on line 57
PHP Deprecated:  Illuminate
\Log\Logger::__construct():
 Implicitly marking 
parameter $dispatcher as 
nullable is deprecated, 
the explicit nullable type 
must be used instead in A:\
hell\app\vendor\laravel\fra
mework\src\Illuminate\Log\L
ogger.php on line 46
PHP Fatal error:  Trait "Il
luminate\Support\Traits\Con
ditionable" not found in A:
\hell\app\vendor\laravel\fr
amework\src\Illuminate\Log\
Logger.php on line 14

Deprecated: Maatwebsite\Excel\Importer::toCollection(): Implicitly marking parameter $readerType as nullable is deprecated, the explicit nullable type must be used instead in A:\hell\app\vendor\maatwebsite\excel\src\Importer.php on line 35

Deprecated: Maatwebsite\Excel\Importer::queueImport(): Implicitly marking parameter $disk as nullable is deprecated, the explicit nullable type must be used instead in A:\hell\app\vendor\maatwebsite\excel\src\Importer.php on line 44

Deprecated: Maatwebsite\Excel\Importer::queueImport(): Implicitly marking parameter $readerType as nullable is deprecated, the explicit nullable type must be used instead in A:\hell\app\vendor\maatwebsite\excel\src\Importer.php on line 44
